// Jest Snapshot v1, https://goo.gl/fbAQLP

exports[`InfrastructureStack infrastructure matches snapshot 1`] = `
{
  "Outputs": {
    "EcsClusterArn": {
      "Description": "ECS Cluster ARN",
      "Export": {
        "Name": "test-ecs-cluster-arn",
      },
      "Value": {
        "Fn::GetAtt": [
          "EcsClusterEAC0C105",
          "Arn",
        ],
      },
    },
    "EcsClusterName": {
      "Description": "ECS Cluster Name",
      "Export": {
        "Name": "test-ecs-cluster-name",
      },
      "Value": {
        "Ref": "EcsClusterEAC0C105",
      },
    },
    "EcsServiceName": {
      "Description": "ECS Service Name",
      "Export": {
        "Name": "test-ecs-service-name",
      },
      "Value": {
        "Fn::GetAtt": [
          "EcsService5196398A",
          "Name",
        ],
      },
    },
    "RepositoryName": {
      "Description": "ECR Repository Name",
      "Export": {
        "Name": "test-ecr-repositort-name",
      },
      "Value": {
        "Ref": "EcrRepository5297154A",
      },
    },
    "RepositoryUri": {
      "Description": "ECR Repository URI",
      "Export": {
        "Name": "test-ecr-repository-uri",
      },
      "Value": {
        "Fn::Join": [
          "",
          [
            {
              "Fn::Select": [
                4,
                {
                  "Fn::Split": [
                    ":",
                    {
                      "Fn::GetAtt": [
                        "EcrRepository5297154A",
                        "Arn",
                      ],
                    },
                  ],
                },
              ],
            },
            ".dkr.ecr.",
            {
              "Fn::Select": [
                3,
                {
                  "Fn::Split": [
                    ":",
                    {
                      "Fn::GetAtt": [
                        "EcrRepository5297154A",
                        "Arn",
                      ],
                    },
                  ],
                },
              ],
            },
            ".",
            {
              "Ref": "AWS::URLSuffix",
            },
            "/",
            {
              "Ref": "EcrRepository5297154A",
            },
          ],
        ],
      },
    },
    "RespositoryArn": {
      "Description": "ECR Repository Arn",
      "Export": {
        "Name": "test-ecr-repository-arn",
      },
      "Value": {
        "Fn::GetAtt": [
          "EcrRepository5297154A",
          "Arn",
        ],
      },
    },
    "VpcCidr": {
      "Description": "VPC CIDR Block",
      "Export": {
        "Name": "test-vpc-cidr",
      },
      "Value": {
        "Fn::GetAtt": [
          "VpcC3027511",
          "CidrBlock",
        ],
      },
    },
    "VpcId": {
      "Description": "VPC ID",
      "Export": {
        "Name": "test-vpc-cidr",
      },
      "Value": {
        "Ref": "VpcC3027511",
      },
    },
  },
  "Parameters": {
    "BootstrapVersion": {
      "Default": "/cdk-bootstrap/hnb659fds/version",
      "Description": "Version of the CDK Bootstrap resources in this environment, automatically retrieved from SSM Parameter Store. [cdk:skip]",
      "Type": "AWS::SSM::Parameter::Value<String>",
    },
    "SsmParameterValueawsserviceecsoptimizedamiamazonlinux2recommendedimageidC96584B6F00A464EAD1953AFF4B05118Parameter": {
      "Default": "/aws/service/ecs/optimized-ami/amazon-linux-2/recommended/image_id",
      "Type": "AWS::SSM::Parameter::Value<AWS::EC2::Image::Id>",
    },
  },
  "Resources": {
    "EcrRepository5297154A": {
      "DeletionPolicy": "Retain",
      "Properties": {
        "ImageScanningConfiguration": {
          "ScanOnPush": true,
        },
        "ImageTagMutability": "IMMUTABLE",
        "LifecyclePolicy": {
          "LifecyclePolicyText": "{"rules":[{"rulePriority":1,"description":"Keep only recent images","selection":{"tagStatus":"any","countType":"imageCountMoreThan","countNumber":10},"action":{"type":"expire"}}]}",
        },
        "RepositoryName": "app-repo-test",
        "RepositoryPolicyText": {
          "Statement": [
            {
              "Action": [
                "ecr:BatchCheckLayerAvailability",
                "ecr:GetDownloadUrlForLayer",
                "ecr:BatchGetImage",
                "ecr:CompleteLayerUpload",
                "ecr:UploadLayerPart",
                "ecr:InitiateLayerUpload",
                "ecr:PutImage",
              ],
              "Effect": "Allow",
              "Principal": {
                "AWS": {
                  "Fn::Join": [
                    "",
                    [
                      "arn:",
                      {
                        "Ref": "AWS::Partition",
                      },
                      ":iam::987654321098:root",
                    ],
                  ],
                },
              },
            },
          ],
          "Version": "2012-10-17",
        },
      },
      "Type": "AWS::ECR::Repository",
      "UpdateReplacePolicy": "Retain",
    },
    "EcsClusterArnParameterE98E509C": {
      "Properties": {
        "Description": "ECS Cluster ARN for test environment",
        "Name": "/ecs/test/cluster-arn",
        "Tier": "Standard",
        "Type": "String",
        "Value": {
          "Fn::GetAtt": [
            "EcsClusterEAC0C105",
            "Arn",
          ],
        },
      },
      "Type": "AWS::SSM::Parameter",
    },
    "EcsClusterDefaultAutoScalingGroupASGECC4A310": {
      "Properties": {
        "DesiredCapacity": "1",
        "LaunchConfigurationName": {
          "Ref": "EcsClusterDefaultAutoScalingGroupLaunchConfigAC20A784",
        },
        "MaxSize": "2",
        "MinSize": "1",
        "Tags": [
          {
            "Key": "Environment",
            "PropagateAtLaunch": true,
            "Value": "test",
          },
          {
            "Key": "ManagedBy",
            "PropagateAtLaunch": true,
            "Value": "CDK",
          },
          {
            "Key": "Name",
            "PropagateAtLaunch": true,
            "Value": "TestStack/Ecs/Cluster/DefaultAutoScalingGroup",
          },
        ],
        "VPCZoneIdentifier": [
          {
            "Ref": "VpcPublicSubnet1Subnet8E8DEDC0",
          },
          {
            "Ref": "VpcPublicSubnet2SubnetA811849C",
          },
        ],
      },
      "Type": "AWS::AutoScaling::AutoScalingGroup",
      "UpdatePolicy": {
        "AutoScalingReplacingUpdate": {
          "WillReplace": true,
        },
        "AutoScalingScheduledAction": {
          "IgnoreUnmodifiedGroupSizeProperties": true,
        },
      },
    },
    "EcsClusterDefaultAutoScalingGroupDrainECSHookFunctionAllowInvokeTestStackEcsClusterDefaultAutoScalingGroupLifecycleHookDrainHookTopicF56F2316B2B72BF9": {
      "Properties": {
        "Action": "lambda:InvokeFunction",
        "FunctionName": {
          "Fn::GetAtt": [
            "EcsClusterDefaultAutoScalingGroupDrainECSHookFunctionB5359A8B",
            "Arn",
          ],
        },
        "Principal": "sns.amazonaws.com",
        "SourceArn": {
          "Ref": "EcsClusterDefaultAutoScalingGroupLifecycleHookDrainHookTopic0FA19E0D",
        },
      },
      "Type": "AWS::Lambda::Permission",
    },
    "EcsClusterDefaultAutoScalingGroupDrainECSHookFunctionB5359A8B": {
      "DependsOn": [
        "EcsClusterDefaultAutoScalingGroupDrainECSHookFunctionServiceRoleDefaultPolicy4A353A9A",
        "EcsClusterDefaultAutoScalingGroupDrainECSHookFunctionServiceRoleB73026CD",
      ],
      "Properties": {
        "Code": {
          "ZipFile": "import boto3, json, os, time

ecs = boto3.client('ecs')
autoscaling = boto3.client('autoscaling')


def lambda_handler(event, context):
  print(json.dumps(dict(event, ResponseURL='...')))
  cluster = os.environ['CLUSTER']
  snsTopicArn = event['Records'][0]['Sns']['TopicArn']
  lifecycle_event = json.loads(event['Records'][0]['Sns']['Message'])
  instance_id = lifecycle_event.get('EC2InstanceId')
  if not instance_id:
    print(f"Got event without EC2InstanceId: { json.dumps(dict(event, ResponseURL='...')) }")
    return

  instance_arn = container_instance_arn(cluster, instance_id)
  print('Instance %s has container instance ARN %s' % (lifecycle_event['EC2InstanceId'], instance_arn))

  if not instance_arn:
    return

  task_arns = container_instance_task_arns(cluster, instance_arn)

  if task_arns:
    print('Instance ARN %s has task ARNs %s' % (instance_arn, ', '.join(task_arns)))

  while has_tasks(cluster, instance_arn, task_arns):
    time.sleep(10)

  try:
    print('Terminating instance %s' % instance_id)
    autoscaling.complete_lifecycle_action(
        LifecycleActionResult='CONTINUE',
        **pick(lifecycle_event, 'LifecycleHookName', 'LifecycleActionToken', 'AutoScalingGroupName'))
  except Exception as e:
    # Lifecycle action may have already completed.
    print(str(e))


def container_instance_arn(cluster, instance_id):
  """Turn an instance ID into a container instance ARN."""
  arns = ecs.list_container_instances(cluster=cluster, filter='ec2InstanceId==' + instance_id)['containerInstanceArns']
  if not arns:
    return None
  return arns[0]

def container_instance_task_arns(cluster, instance_arn):
  """Fetch tasks for a container instance ARN."""
  arns = ecs.list_tasks(cluster=cluster, containerInstance=instance_arn)['taskArns']
  return arns

def has_tasks(cluster, instance_arn, task_arns):
  """Return True if the instance is running tasks for the given cluster."""
  instances = ecs.describe_container_instances(cluster=cluster, containerInstances=[instance_arn])['containerInstances']
  if not instances:
    return False
  instance = instances[0]

  if instance['status'] == 'ACTIVE':
    # Start draining, then try again later
    set_container_instance_to_draining(cluster, instance_arn)
    return True

  task_count = None

  if task_arns:
    # Fetch details for tasks running on the container instance
    tasks = ecs.describe_tasks(cluster=cluster, tasks=task_arns)['tasks']
    if tasks:
      # Consider any non-stopped tasks as running
      task_count = sum(task['lastStatus'] != 'STOPPED' for task in tasks) + instance['pendingTasksCount']

  if not task_count:
    # Fallback to instance task counts if detailed task information is unavailable
    task_count = instance['runningTasksCount'] + instance['pendingTasksCount']

  print('Instance %s has %s tasks' % (instance_arn, task_count))

  return task_count > 0

def set_container_instance_to_draining(cluster, instance_arn):
  ecs.update_container_instances_state(
      cluster=cluster,
      containerInstances=[instance_arn], status='DRAINING')


def pick(dct, *keys):
  """Pick a subset of a dict."""
  return {k: v for k, v in dct.items() if k in keys}
",
        },
        "Environment": {
          "Variables": {
            "CLUSTER": {
              "Ref": "EcsClusterEAC0C105",
            },
          },
        },
        "Handler": "index.lambda_handler",
        "Role": {
          "Fn::GetAtt": [
            "EcsClusterDefaultAutoScalingGroupDrainECSHookFunctionServiceRoleB73026CD",
            "Arn",
          ],
        },
        "Runtime": "python3.13",
        "Tags": [
          {
            "Key": "Environment",
            "Value": "test",
          },
          {
            "Key": "ManagedBy",
            "Value": "CDK",
          },
          {
            "Key": "Name",
            "Value": "TestStack/Ecs/Cluster/DefaultAutoScalingGroup",
          },
        ],
        "Timeout": 310,
      },
      "Type": "AWS::Lambda::Function",
    },
    "EcsClusterDefaultAutoScalingGroupDrainECSHookFunctionServiceRoleB73026CD": {
      "Properties": {
        "AssumeRolePolicyDocument": {
          "Statement": [
            {
              "Action": "sts:AssumeRole",
              "Effect": "Allow",
              "Principal": {
                "Service": "lambda.amazonaws.com",
              },
            },
          ],
          "Version": "2012-10-17",
        },
        "ManagedPolicyArns": [
          {
            "Fn::Join": [
              "",
              [
                "arn:",
                {
                  "Ref": "AWS::Partition",
                },
                ":iam::aws:policy/service-role/AWSLambdaBasicExecutionRole",
              ],
            ],
          },
        ],
        "Tags": [
          {
            "Key": "Environment",
            "Value": "test",
          },
          {
            "Key": "ManagedBy",
            "Value": "CDK",
          },
          {
            "Key": "Name",
            "Value": "TestStack/Ecs/Cluster/DefaultAutoScalingGroup",
          },
        ],
      },
      "Type": "AWS::IAM::Role",
    },
    "EcsClusterDefaultAutoScalingGroupDrainECSHookFunctionServiceRoleDefaultPolicy4A353A9A": {
      "Properties": {
        "PolicyDocument": {
          "Statement": [
            {
              "Action": [
                "ec2:DescribeInstances",
                "ec2:DescribeInstanceAttribute",
                "ec2:DescribeInstanceStatus",
                "ec2:DescribeHosts",
              ],
              "Effect": "Allow",
              "Resource": "*",
            },
            {
              "Action": "autoscaling:CompleteLifecycleAction",
              "Effect": "Allow",
              "Resource": {
                "Fn::Join": [
                  "",
                  [
                    "arn:",
                    {
                      "Ref": "AWS::Partition",
                    },
                    ":autoscaling:eu-west-1:123456789012:autoScalingGroup:*:autoScalingGroupName/",
                    {
                      "Ref": "EcsClusterDefaultAutoScalingGroupASGECC4A310",
                    },
                  ],
                ],
              },
            },
            {
              "Action": [
                "ecs:DescribeContainerInstances",
                "ecs:DescribeTasks",
              ],
              "Condition": {
                "ArnEquals": {
                  "ecs:cluster": {
                    "Fn::GetAtt": [
                      "EcsClusterEAC0C105",
                      "Arn",
                    ],
                  },
                },
              },
              "Effect": "Allow",
              "Resource": "*",
            },
            {
              "Action": [
                "ecs:ListContainerInstances",
                "ecs:SubmitContainerStateChange",
                "ecs:SubmitTaskStateChange",
              ],
              "Effect": "Allow",
              "Resource": {
                "Fn::GetAtt": [
                  "EcsClusterEAC0C105",
                  "Arn",
                ],
              },
            },
            {
              "Action": [
                "ecs:UpdateContainerInstancesState",
                "ecs:ListTasks",
              ],
              "Condition": {
                "ArnEquals": {
                  "ecs:cluster": {
                    "Fn::GetAtt": [
                      "EcsClusterEAC0C105",
                      "Arn",
                    ],
                  },
                },
              },
              "Effect": "Allow",
              "Resource": "*",
            },
          ],
          "Version": "2012-10-17",
        },
        "PolicyName": "EcsClusterDefaultAutoScalingGroupDrainECSHookFunctionServiceRoleDefaultPolicy4A353A9A",
        "Roles": [
          {
            "Ref": "EcsClusterDefaultAutoScalingGroupDrainECSHookFunctionServiceRoleB73026CD",
          },
        ],
      },
      "Type": "AWS::IAM::Policy",
    },
    "EcsClusterDefaultAutoScalingGroupDrainECSHookFunctionTopic50A7F91D": {
      "Properties": {
        "Endpoint": {
          "Fn::GetAtt": [
            "EcsClusterDefaultAutoScalingGroupDrainECSHookFunctionB5359A8B",
            "Arn",
          ],
        },
        "Protocol": "lambda",
        "TopicArn": {
          "Ref": "EcsClusterDefaultAutoScalingGroupLifecycleHookDrainHookTopic0FA19E0D",
        },
      },
      "Type": "AWS::SNS::Subscription",
    },
    "EcsClusterDefaultAutoScalingGroupInstanceProfileF08E8D7E": {
      "Properties": {
        "Roles": [
          {
            "Ref": "EcsClusterDefaultAutoScalingGroupInstanceRole678E9594",
          },
        ],
      },
      "Type": "AWS::IAM::InstanceProfile",
    },
    "EcsClusterDefaultAutoScalingGroupInstanceRole678E9594": {
      "Properties": {
        "AssumeRolePolicyDocument": {
          "Statement": [
            {
              "Action": "sts:AssumeRole",
              "Effect": "Allow",
              "Principal": {
                "Service": "ec2.amazonaws.com",
              },
            },
          ],
          "Version": "2012-10-17",
        },
        "Tags": [
          {
            "Key": "Environment",
            "Value": "test",
          },
          {
            "Key": "ManagedBy",
            "Value": "CDK",
          },
          {
            "Key": "Name",
            "Value": "TestStack/Ecs/Cluster/DefaultAutoScalingGroup",
          },
        ],
      },
      "Type": "AWS::IAM::Role",
    },
    "EcsClusterDefaultAutoScalingGroupInstanceRoleDefaultPolicy2E7E580A": {
      "Properties": {
        "PolicyDocument": {
          "Statement": [
            {
              "Action": [
                "ecs:DeregisterContainerInstance",
                "ecs:RegisterContainerInstance",
                "ecs:Submit*",
              ],
              "Effect": "Allow",
              "Resource": {
                "Fn::GetAtt": [
                  "EcsClusterEAC0C105",
                  "Arn",
                ],
              },
            },
            {
              "Action": [
                "ecs:Poll",
                "ecs:StartTelemetrySession",
              ],
              "Condition": {
                "ArnEquals": {
                  "ecs:cluster": {
                    "Fn::GetAtt": [
                      "EcsClusterEAC0C105",
                      "Arn",
                    ],
                  },
                },
              },
              "Effect": "Allow",
              "Resource": "*",
            },
            {
              "Action": [
                "ecs:DiscoverPollEndpoint",
                "ecr:GetAuthorizationToken",
                "logs:CreateLogStream",
                "logs:PutLogEvents",
              ],
              "Effect": "Allow",
              "Resource": "*",
            },
          ],
          "Version": "2012-10-17",
        },
        "PolicyName": "EcsClusterDefaultAutoScalingGroupInstanceRoleDefaultPolicy2E7E580A",
        "Roles": [
          {
            "Ref": "EcsClusterDefaultAutoScalingGroupInstanceRole678E9594",
          },
        ],
      },
      "Type": "AWS::IAM::Policy",
    },
    "EcsClusterDefaultAutoScalingGroupInstanceSecurityGroupB3A7BCE4": {
      "Properties": {
        "GroupDescription": "TestStack/Ecs/Cluster/DefaultAutoScalingGroup/InstanceSecurityGroup",
        "SecurityGroupEgress": [
          {
            "CidrIp": "0.0.0.0/0",
            "Description": "Allow all outbound traffic by default",
            "IpProtocol": "-1",
          },
        ],
        "Tags": [
          {
            "Key": "Environment",
            "Value": "test",
          },
          {
            "Key": "ManagedBy",
            "Value": "CDK",
          },
          {
            "Key": "Name",
            "Value": "TestStack/Ecs/Cluster/DefaultAutoScalingGroup",
          },
        ],
        "VpcId": {
          "Ref": "VpcC3027511",
        },
      },
      "Type": "AWS::EC2::SecurityGroup",
    },
    "EcsClusterDefaultAutoScalingGroupLaunchConfigAC20A784": {
      "DependsOn": [
        "EcsClusterDefaultAutoScalingGroupInstanceRoleDefaultPolicy2E7E580A",
        "EcsClusterDefaultAutoScalingGroupInstanceRole678E9594",
      ],
      "Properties": {
        "AssociatePublicIpAddress": true,
        "IamInstanceProfile": {
          "Ref": "EcsClusterDefaultAutoScalingGroupInstanceProfileF08E8D7E",
        },
        "ImageId": {
          "Ref": "SsmParameterValueawsserviceecsoptimizedamiamazonlinux2recommendedimageidC96584B6F00A464EAD1953AFF4B05118Parameter",
        },
        "InstanceType": "t3.nano",
        "SecurityGroups": [
          {
            "Fn::GetAtt": [
              "EcsClusterDefaultAutoScalingGroupInstanceSecurityGroupB3A7BCE4",
              "GroupId",
            ],
          },
        ],
        "UserData": {
          "Fn::Base64": {
            "Fn::Join": [
              "",
              [
                "#!/bin/bash
echo ECS_CLUSTER=",
                {
                  "Ref": "EcsClusterEAC0C105",
                },
                " >> /etc/ecs/ecs.config
sudo iptables --insert FORWARD 1 --in-interface docker+ --destination 169.254.169.254/32 --jump DROP
sudo service iptables save
echo ECS_AWSVPC_BLOCK_IMDS=true >> /etc/ecs/ecs.config",
              ],
            ],
          },
        },
      },
      "Type": "AWS::AutoScaling::LaunchConfiguration",
    },
    "EcsClusterDefaultAutoScalingGroupLifecycleHookDrainHook3B7628FC": {
      "DependsOn": [
        "EcsClusterDefaultAutoScalingGroupLifecycleHookDrainHookRoleDefaultPolicyF073F23C",
        "EcsClusterDefaultAutoScalingGroupLifecycleHookDrainHookRole3FA71081",
      ],
      "Properties": {
        "AutoScalingGroupName": {
          "Ref": "EcsClusterDefaultAutoScalingGroupASGECC4A310",
        },
        "DefaultResult": "CONTINUE",
        "HeartbeatTimeout": 300,
        "LifecycleTransition": "autoscaling:EC2_INSTANCE_TERMINATING",
        "NotificationTargetARN": {
          "Ref": "EcsClusterDefaultAutoScalingGroupLifecycleHookDrainHookTopic0FA19E0D",
        },
        "RoleARN": {
          "Fn::GetAtt": [
            "EcsClusterDefaultAutoScalingGroupLifecycleHookDrainHookRole3FA71081",
            "Arn",
          ],
        },
      },
      "Type": "AWS::AutoScaling::LifecycleHook",
    },
    "EcsClusterDefaultAutoScalingGroupLifecycleHookDrainHookRole3FA71081": {
      "Properties": {
        "AssumeRolePolicyDocument": {
          "Statement": [
            {
              "Action": "sts:AssumeRole",
              "Effect": "Allow",
              "Principal": {
                "Service": "autoscaling.amazonaws.com",
              },
            },
          ],
          "Version": "2012-10-17",
        },
        "Tags": [
          {
            "Key": "Environment",
            "Value": "test",
          },
          {
            "Key": "ManagedBy",
            "Value": "CDK",
          },
          {
            "Key": "Name",
            "Value": "TestStack/Ecs/Cluster/DefaultAutoScalingGroup",
          },
        ],
      },
      "Type": "AWS::IAM::Role",
    },
    "EcsClusterDefaultAutoScalingGroupLifecycleHookDrainHookRoleDefaultPolicyF073F23C": {
      "Properties": {
        "PolicyDocument": {
          "Statement": [
            {
              "Action": "sns:Publish",
              "Effect": "Allow",
              "Resource": {
                "Ref": "EcsClusterDefaultAutoScalingGroupLifecycleHookDrainHookTopic0FA19E0D",
              },
            },
          ],
          "Version": "2012-10-17",
        },
        "PolicyName": "EcsClusterDefaultAutoScalingGroupLifecycleHookDrainHookRoleDefaultPolicyF073F23C",
        "Roles": [
          {
            "Ref": "EcsClusterDefaultAutoScalingGroupLifecycleHookDrainHookRole3FA71081",
          },
        ],
      },
      "Type": "AWS::IAM::Policy",
    },
    "EcsClusterDefaultAutoScalingGroupLifecycleHookDrainHookTopic0FA19E0D": {
      "Properties": {
        "Tags": [
          {
            "Key": "Environment",
            "Value": "test",
          },
          {
            "Key": "ManagedBy",
            "Value": "CDK",
          },
          {
            "Key": "Name",
            "Value": "TestStack/Ecs/Cluster/DefaultAutoScalingGroup",
          },
        ],
      },
      "Type": "AWS::SNS::Topic",
    },
    "EcsClusterEAC0C105": {
      "Properties": {
        "ClusterName": "ecs-cluster-test",
        "Tags": [
          {
            "Key": "Environment",
            "Value": "test",
          },
          {
            "Key": "ManagedBy",
            "Value": "CDK",
          },
        ],
      },
      "Type": "AWS::ECS::Cluster",
    },
    "EcsClusterNameParameter437597E1": {
      "Properties": {
        "Description": "ECS Cluster Name for test environment",
        "Name": "/ecs/test/cluster-name",
        "Tier": "Standard",
        "Type": "String",
        "Value": {
          "Ref": "EcsClusterEAC0C105",
        },
      },
      "Type": "AWS::SSM::Parameter",
    },
    "EcsService5196398A": {
      "DependsOn": [
        "EcsTaskDefTaskRoleB35B9A53",
      ],
      "Properties": {
        "Cluster": {
          "Ref": "EcsClusterEAC0C105",
        },
        "DeploymentConfiguration": {
          "Alarms": {
            "AlarmNames": [],
            "Enable": false,
            "Rollback": false,
          },
          "MaximumPercent": 200,
          "MinimumHealthyPercent": 50,
        },
        "DesiredCount": 1,
        "EnableECSManagedTags": false,
        "LaunchType": "EC2",
        "PlacementStrategies": [
          {
            "Field": "instanceId",
            "Type": "spread",
          },
          {
            "Field": "CPU",
            "Type": "binpack",
          },
        ],
        "SchedulingStrategy": "REPLICA",
        "ServiceName": "ecs-service-test",
        "Tags": [
          {
            "Key": "Environment",
            "Value": "test",
          },
          {
            "Key": "ManagedBy",
            "Value": "CDK",
          },
          {
            "Key": "Service",
            "Value": "ECS",
          },
        ],
        "TaskDefinition": {
          "Ref": "EcsTaskDefDB85D591",
        },
      },
      "Type": "AWS::ECS::Service",
    },
    "EcsServiceNameParameterDDA92DEE": {
      "Properties": {
        "Description": "ECS Service Name for test environment",
        "Name": "/ecs/test/service-name",
        "Tier": "Standard",
        "Type": "String",
        "Value": {
          "Fn::GetAtt": [
            "EcsService5196398A",
            "Name",
          ],
        },
      },
      "Type": "AWS::SSM::Parameter",
    },
    "EcsTaskDefDB85D591": {
      "Properties": {
        "ContainerDefinitions": [
          {
            "Cpu": 256,
            "Essential": true,
            "Image": {
              "Fn::Join": [
                "",
                [
                  {
                    "Fn::Select": [
                      4,
                      {
                        "Fn::Split": [
                          ":",
                          {
                            "Fn::GetAtt": [
                              "EcrRepository5297154A",
                              "Arn",
                            ],
                          },
                        ],
                      },
                    ],
                  },
                  ".dkr.ecr.",
                  {
                    "Fn::Select": [
                      3,
                      {
                        "Fn::Split": [
                          ":",
                          {
                            "Fn::GetAtt": [
                              "EcrRepository5297154A",
                              "Arn",
                            ],
                          },
                        ],
                      },
                    ],
                  },
                  ".",
                  {
                    "Ref": "AWS::URLSuffix",
                  },
                  "/",
                  {
                    "Ref": "EcrRepository5297154A",
                  },
                  ":latest",
                ],
              ],
            },
            "LogConfiguration": {
              "LogDriver": "awslogs",
              "Options": {
                "awslogs-group": {
                  "Ref": "EcsTaskDefappLogGroup3B873E55",
                },
                "awslogs-region": "eu-west-1",
                "awslogs-stream-prefix": "ecs-test",
              },
            },
            "Memory": 512,
            "Name": "app",
            "PortMappings": [
              {
                "ContainerPort": 80,
                "HostPort": 0,
                "Protocol": "tcp",
              },
            ],
          },
        ],
        "ExecutionRoleArn": {
          "Fn::GetAtt": [
            "EcsTaskDefExecutionRoleEC72ADF6",
            "Arn",
          ],
        },
        "Family": "TestStackEcsTaskDefEF7B9609",
        "NetworkMode": "bridge",
        "RequiresCompatibilities": [
          "EC2",
        ],
        "Tags": [
          {
            "Key": "Environment",
            "Value": "test",
          },
          {
            "Key": "ManagedBy",
            "Value": "CDK",
          },
        ],
        "TaskRoleArn": {
          "Fn::GetAtt": [
            "EcsTaskDefTaskRoleB35B9A53",
            "Arn",
          ],
        },
      },
      "Type": "AWS::ECS::TaskDefinition",
    },
    "EcsTaskDefExecutionRoleDefaultPolicy274D7F70": {
      "Properties": {
        "PolicyDocument": {
          "Statement": [
            {
              "Action": [
                "ecr:BatchCheckLayerAvailability",
                "ecr:GetDownloadUrlForLayer",
                "ecr:BatchGetImage",
              ],
              "Effect": "Allow",
              "Resource": {
                "Fn::GetAtt": [
                  "EcrRepository5297154A",
                  "Arn",
                ],
              },
            },
            {
              "Action": "ecr:GetAuthorizationToken",
              "Effect": "Allow",
              "Resource": "*",
            },
            {
              "Action": [
                "logs:CreateLogStream",
                "logs:PutLogEvents",
              ],
              "Effect": "Allow",
              "Resource": {
                "Fn::GetAtt": [
                  "EcsTaskDefappLogGroup3B873E55",
                  "Arn",
                ],
              },
            },
          ],
          "Version": "2012-10-17",
        },
        "PolicyName": "EcsTaskDefExecutionRoleDefaultPolicy274D7F70",
        "Roles": [
          {
            "Ref": "EcsTaskDefExecutionRoleEC72ADF6",
          },
        ],
      },
      "Type": "AWS::IAM::Policy",
    },
    "EcsTaskDefExecutionRoleEC72ADF6": {
      "Properties": {
        "AssumeRolePolicyDocument": {
          "Statement": [
            {
              "Action": "sts:AssumeRole",
              "Effect": "Allow",
              "Principal": {
                "Service": "ecs-tasks.amazonaws.com",
              },
            },
          ],
          "Version": "2012-10-17",
        },
        "Tags": [
          {
            "Key": "Environment",
            "Value": "test",
          },
          {
            "Key": "ManagedBy",
            "Value": "CDK",
          },
        ],
      },
      "Type": "AWS::IAM::Role",
    },
    "EcsTaskDefTaskRoleB35B9A53": {
      "Properties": {
        "AssumeRolePolicyDocument": {
          "Statement": [
            {
              "Action": "sts:AssumeRole",
              "Effect": "Allow",
              "Principal": {
                "Service": "ecs-tasks.amazonaws.com",
              },
            },
          ],
          "Version": "2012-10-17",
        },
        "Tags": [
          {
            "Key": "Environment",
            "Value": "test",
          },
          {
            "Key": "ManagedBy",
            "Value": "CDK",
          },
        ],
      },
      "Type": "AWS::IAM::Role",
    },
    "EcsTaskDefappLogGroup3B873E55": {
      "DeletionPolicy": "Retain",
      "Properties": {
        "Tags": [
          {
            "Key": "Environment",
            "Value": "test",
          },
          {
            "Key": "ManagedBy",
            "Value": "CDK",
          },
        ],
      },
      "Type": "AWS::Logs::LogGroup",
      "UpdateReplacePolicy": "Retain",
    },
    "RepositoryArnParameterA574FA8F": {
      "Properties": {
        "Description": "ECR Repository ARN for test environment",
        "Name": "/ecr/test/repository-arn",
        "Tier": "Standard",
        "Type": "String",
        "Value": {
          "Fn::GetAtt": [
            "EcrRepository5297154A",
            "Arn",
          ],
        },
      },
      "Type": "AWS::SSM::Parameter",
    },
    "RepositoryUriParameter1BC59063": {
      "Properties": {
        "Description": "ECR Repository URI for test environment",
        "Name": "/ecr/test/repository-uri",
        "Tier": "Standard",
        "Type": "String",
        "Value": {
          "Fn::Join": [
            "",
            [
              {
                "Fn::Select": [
                  4,
                  {
                    "Fn::Split": [
                      ":",
                      {
                        "Fn::GetAtt": [
                          "EcrRepository5297154A",
                          "Arn",
                        ],
                      },
                    ],
                  },
                ],
              },
              ".dkr.ecr.",
              {
                "Fn::Select": [
                  3,
                  {
                    "Fn::Split": [
                      ":",
                      {
                        "Fn::GetAtt": [
                          "EcrRepository5297154A",
                          "Arn",
                        ],
                      },
                    ],
                  },
                ],
              },
              ".",
              {
                "Ref": "AWS::URLSuffix",
              },
              "/",
              {
                "Ref": "EcrRepository5297154A",
              },
            ],
          ],
        },
      },
      "Type": "AWS::SSM::Parameter",
    },
    "RespositoryNAmePArameter2C493BDA": {
      "Properties": {
        "Description": "ECR Repository NAme for test environment",
        "Name": "/ecr/test/respository-name",
        "Tier": "Standard",
        "Type": "String",
        "Value": {
          "Ref": "EcrRepository5297154A",
        },
      },
      "Type": "AWS::SSM::Parameter",
    },
    "VpcC3027511": {
      "Properties": {
        "CidrBlock": "10.0.0.0/16",
        "EnableDnsHostnames": true,
        "EnableDnsSupport": true,
        "InstanceTenancy": "default",
        "Tags": [
          {
            "Key": "Name",
            "Value": "TestStack/Vpc/Vpc",
          },
        ],
      },
      "Type": "AWS::EC2::VPC",
    },
    "VpcIGW488B0FEB": {
      "Properties": {
        "Tags": [
          {
            "Key": "Name",
            "Value": "TestStack/Vpc/Vpc",
          },
        ],
      },
      "Type": "AWS::EC2::InternetGateway",
    },
    "VpcIdParameter44761537": {
      "Properties": {
        "Description": "VPC ID for test environment",
        "Name": "/vpc/test/vpc-id",
        "Tier": "Standard",
        "Type": "String",
        "Value": {
          "Ref": "VpcC3027511",
        },
      },
      "Type": "AWS::SSM::Parameter",
    },
    "VpcPrivateSubnet1RouteTable901BAEEE": {
      "Properties": {
        "Tags": [
          {
            "Key": "Name",
            "Value": "TestStack/Vpc/Vpc/PrivateSubnet1",
          },
        ],
        "VpcId": {
          "Ref": "VpcC3027511",
        },
      },
      "Type": "AWS::EC2::RouteTable",
    },
    "VpcPrivateSubnet1RouteTableAssociation2BC202CB": {
      "Properties": {
        "RouteTableId": {
          "Ref": "VpcPrivateSubnet1RouteTable901BAEEE",
        },
        "SubnetId": {
          "Ref": "VpcPrivateSubnet1Subnet67A4DBCB",
        },
      },
      "Type": "AWS::EC2::SubnetRouteTableAssociation",
    },
    "VpcPrivateSubnet1Subnet67A4DBCB": {
      "Properties": {
        "AvailabilityZone": "dummy1a",
        "CidrBlock": "10.0.2.0/24",
        "MapPublicIpOnLaunch": false,
        "Tags": [
          {
            "Key": "aws-cdk:subnet-name",
            "Value": "Private",
          },
          {
            "Key": "aws-cdk:subnet-type",
            "Value": "Private",
          },
          {
            "Key": "Name",
            "Value": "TestStack/Vpc/Vpc/PrivateSubnet1",
          },
        ],
        "VpcId": {
          "Ref": "VpcC3027511",
        },
      },
      "Type": "AWS::EC2::Subnet",
    },
    "VpcPrivateSubnet2RouteTable1EA00C9D": {
      "Properties": {
        "Tags": [
          {
            "Key": "Name",
            "Value": "TestStack/Vpc/Vpc/PrivateSubnet2",
          },
        ],
        "VpcId": {
          "Ref": "VpcC3027511",
        },
      },
      "Type": "AWS::EC2::RouteTable",
    },
    "VpcPrivateSubnet2RouteTableAssociationFA51927B": {
      "Properties": {
        "RouteTableId": {
          "Ref": "VpcPrivateSubnet2RouteTable1EA00C9D",
        },
        "SubnetId": {
          "Ref": "VpcPrivateSubnet2SubnetC8EB537D",
        },
      },
      "Type": "AWS::EC2::SubnetRouteTableAssociation",
    },
    "VpcPrivateSubnet2SubnetC8EB537D": {
      "Properties": {
        "AvailabilityZone": "dummy1b",
        "CidrBlock": "10.0.3.0/24",
        "MapPublicIpOnLaunch": false,
        "Tags": [
          {
            "Key": "aws-cdk:subnet-name",
            "Value": "Private",
          },
          {
            "Key": "aws-cdk:subnet-type",
            "Value": "Private",
          },
          {
            "Key": "Name",
            "Value": "TestStack/Vpc/Vpc/PrivateSubnet2",
          },
        ],
        "VpcId": {
          "Ref": "VpcC3027511",
        },
      },
      "Type": "AWS::EC2::Subnet",
    },
    "VpcPublicSubnet1DefaultRoute0F5C6C43": {
      "DependsOn": [
        "VpcVPCGW42EC8516",
      ],
      "Properties": {
        "DestinationCidrBlock": "0.0.0.0/0",
        "GatewayId": {
          "Ref": "VpcIGW488B0FEB",
        },
        "RouteTableId": {
          "Ref": "VpcPublicSubnet1RouteTable431DD755",
        },
      },
      "Type": "AWS::EC2::Route",
    },
    "VpcPublicSubnet1RouteTable431DD755": {
      "Properties": {
        "Tags": [
          {
            "Key": "Name",
            "Value": "TestStack/Vpc/Vpc/PublicSubnet1",
          },
        ],
        "VpcId": {
          "Ref": "VpcC3027511",
        },
      },
      "Type": "AWS::EC2::RouteTable",
    },
    "VpcPublicSubnet1RouteTableAssociationBBCB7AA1": {
      "Properties": {
        "RouteTableId": {
          "Ref": "VpcPublicSubnet1RouteTable431DD755",
        },
        "SubnetId": {
          "Ref": "VpcPublicSubnet1Subnet8E8DEDC0",
        },
      },
      "Type": "AWS::EC2::SubnetRouteTableAssociation",
    },
    "VpcPublicSubnet1Subnet8E8DEDC0": {
      "Properties": {
        "AvailabilityZone": "dummy1a",
        "CidrBlock": "10.0.0.0/24",
        "MapPublicIpOnLaunch": true,
        "Tags": [
          {
            "Key": "aws-cdk:subnet-name",
            "Value": "Public",
          },
          {
            "Key": "aws-cdk:subnet-type",
            "Value": "Public",
          },
          {
            "Key": "Name",
            "Value": "TestStack/Vpc/Vpc/PublicSubnet1",
          },
        ],
        "VpcId": {
          "Ref": "VpcC3027511",
        },
      },
      "Type": "AWS::EC2::Subnet",
    },
    "VpcPublicSubnet2DefaultRouteD629179A": {
      "DependsOn": [
        "VpcVPCGW42EC8516",
      ],
      "Properties": {
        "DestinationCidrBlock": "0.0.0.0/0",
        "GatewayId": {
          "Ref": "VpcIGW488B0FEB",
        },
        "RouteTableId": {
          "Ref": "VpcPublicSubnet2RouteTable77FB35FC",
        },
      },
      "Type": "AWS::EC2::Route",
    },
    "VpcPublicSubnet2RouteTable77FB35FC": {
      "Properties": {
        "Tags": [
          {
            "Key": "Name",
            "Value": "TestStack/Vpc/Vpc/PublicSubnet2",
          },
        ],
        "VpcId": {
          "Ref": "VpcC3027511",
        },
      },
      "Type": "AWS::EC2::RouteTable",
    },
    "VpcPublicSubnet2RouteTableAssociation3AFE92E6": {
      "Properties": {
        "RouteTableId": {
          "Ref": "VpcPublicSubnet2RouteTable77FB35FC",
        },
        "SubnetId": {
          "Ref": "VpcPublicSubnet2SubnetA811849C",
        },
      },
      "Type": "AWS::EC2::SubnetRouteTableAssociation",
    },
    "VpcPublicSubnet2SubnetA811849C": {
      "Properties": {
        "AvailabilityZone": "dummy1b",
        "CidrBlock": "10.0.1.0/24",
        "MapPublicIpOnLaunch": true,
        "Tags": [
          {
            "Key": "aws-cdk:subnet-name",
            "Value": "Public",
          },
          {
            "Key": "aws-cdk:subnet-type",
            "Value": "Public",
          },
          {
            "Key": "Name",
            "Value": "TestStack/Vpc/Vpc/PublicSubnet2",
          },
        ],
        "VpcId": {
          "Ref": "VpcC3027511",
        },
      },
      "Type": "AWS::EC2::Subnet",
    },
    "VpcVPCGW42EC8516": {
      "Properties": {
        "InternetGatewayId": {
          "Ref": "VpcIGW488B0FEB",
        },
        "VpcId": {
          "Ref": "VpcC3027511",
        },
      },
      "Type": "AWS::EC2::VPCGatewayAttachment",
    },
  },
  "Rules": {
    "CheckBootstrapVersion": {
      "Assertions": [
        {
          "Assert": {
            "Fn::Not": [
              {
                "Fn::Contains": [
                  [
                    "1",
                    "2",
                    "3",
                    "4",
                    "5",
                  ],
                  {
                    "Ref": "BootstrapVersion",
                  },
                ],
              },
            ],
          },
          "AssertDescription": "CDK bootstrap stack version 6 required. Please run 'cdk bootstrap' with a recent version of the CDK CLI.",
        },
      ],
    },
  },
}
`;
