// Jest Snapshot v1, https://goo.gl/fbAQLP

exports[`EcrStack snapshot test 1`] = `
{
  "Outputs": {
    "RepositoryArn": {
      "Description": "ECR Repository ARN",
      "Export": {
        "Name": "development-ecr-repository-arn",
      },
      "Value": {
        "Fn::GetAtt": [
          "EcrRepository5297154A",
          "Arn",
        ],
      },
    },
    "RepositoryName": {
      "Description": "ECR Repository Name",
      "Export": {
        "Name": "development-ecr-repository-name",
      },
      "Value": {
        "Ref": "EcrRepository5297154A",
      },
    },
    "RepositoryUri": {
      "Description": "ECR Repository URI",
      "Export": {
        "Name": "development-ecr-repository-uri",
      },
      "Value": {
        "Fn::Join": [
          "",
          [
            {
              "Fn::Select": [
                4,
                {
                  "Fn::Split": [
                    ":",
                    {
                      "Fn::GetAtt": [
                        "EcrRepository5297154A",
                        "Arn",
                      ],
                    },
                  ],
                },
              ],
            },
            ".dkr.ecr.",
            {
              "Fn::Select": [
                3,
                {
                  "Fn::Split": [
                    ":",
                    {
                      "Fn::GetAtt": [
                        "EcrRepository5297154A",
                        "Arn",
                      ],
                    },
                  ],
                },
              ],
            },
            ".",
            {
              "Ref": "AWS::URLSuffix",
            },
            "/",
            {
              "Ref": "EcrRepository5297154A",
            },
          ],
        ],
      },
    },
  },
  "Parameters": {
    "BootstrapVersion": {
      "Default": "/cdk-bootstrap/hnb659fds/version",
      "Description": "Version of the CDK Bootstrap resources in this environment, automatically retrieved from SSM Parameter Store. [cdk:skip]",
      "Type": "AWS::SSM::Parameter::Value<String>",
    },
  },
  "Resources": {
    "EcrRepository5297154A": {
      "DeletionPolicy": "Retain",
      "Properties": {
        "ImageScanningConfiguration": {
          "ScanOnPush": true,
        },
        "ImageTagMutability": "IMMUTABLE",
        "LifecyclePolicy": {
          "LifecyclePolicyText": "{"rules":[{"rulePriority":1,"description":"Keep only recent images","selection":{"tagStatus":"any","countType":"imageCountMoreThan","countNumber":10},"action":{"type":"expire"}}]}",
        },
        "RepositoryName": "app-repo-development",
        "RepositoryPolicyText": {
          "Statement": [
            {
              "Action": [
                "ecr:BatchCheckLayerAvailability",
                "ecr:GetDownloadUrlForLayer",
                "ecr:BatchGetImage",
                "ecr:CompleteLayerUpload",
                "ecr:UploadLayerPart",
                "ecr:InitiateLayerUpload",
                "ecr:PutImage",
              ],
              "Effect": "Allow",
              "Principal": {
                "AWS": {
                  "Fn::Join": [
                    "",
                    [
                      "arn:",
                      {
                        "Ref": "AWS::Partition",
                      },
                      ":iam::987654321098:root",
                    ],
                  ],
                },
              },
            },
          ],
          "Version": "2012-10-17",
        },
      },
      "Type": "AWS::ECR::Repository",
      "UpdateReplacePolicy": "Retain",
    },
    "RepositoryArnParameterA574FA8F": {
      "Properties": {
        "Description": "ECR Repository ARN for development environment",
        "Name": "/ecr/development/repository-arn",
        "Tier": "Standard",
        "Type": "String",
        "Value": {
          "Fn::GetAtt": [
            "EcrRepository5297154A",
            "Arn",
          ],
        },
      },
      "Type": "AWS::SSM::Parameter",
    },
    "RepositoryNameParameter72E92F65": {
      "Properties": {
        "Description": "ECR Repository Name for development environment",
        "Name": "/ecr/development/repository-name",
        "Tier": "Standard",
        "Type": "String",
        "Value": {
          "Ref": "EcrRepository5297154A",
        },
      },
      "Type": "AWS::SSM::Parameter",
    },
    "RepositoryUriParameter1BC59063": {
      "Properties": {
        "Description": "ECR Repository URI for development environment",
        "Name": "/ecr/development/repository-uri",
        "Tier": "Standard",
        "Type": "String",
        "Value": {
          "Fn::Join": [
            "",
            [
              {
                "Fn::Select": [
                  4,
                  {
                    "Fn::Split": [
                      ":",
                      {
                        "Fn::GetAtt": [
                          "EcrRepository5297154A",
                          "Arn",
                        ],
                      },
                    ],
                  },
                ],
              },
              ".dkr.ecr.",
              {
                "Fn::Select": [
                  3,
                  {
                    "Fn::Split": [
                      ":",
                      {
                        "Fn::GetAtt": [
                          "EcrRepository5297154A",
                          "Arn",
                        ],
                      },
                    ],
                  },
                ],
              },
              ".",
              {
                "Ref": "AWS::URLSuffix",
              },
              "/",
              {
                "Ref": "EcrRepository5297154A",
              },
            ],
          ],
        },
      },
      "Type": "AWS::SSM::Parameter",
    },
  },
  "Rules": {
    "CheckBootstrapVersion": {
      "Assertions": [
        {
          "Assert": {
            "Fn::Not": [
              {
                "Fn::Contains": [
                  [
                    "1",
                    "2",
                    "3",
                    "4",
                    "5",
                  ],
                  {
                    "Ref": "BootstrapVersion",
                  },
                ],
              },
            ],
          },
          "AssertDescription": "CDK bootstrap stack version 6 required. Please run 'cdk bootstrap' with a recent version of the CDK CLI.",
        },
      ],
    },
  },
}
`;
